INFO mv_pipeline: HDF5: using dataset 'waveforms' (14994, 1024) (first 14,994 rows).
INFO mv_pipeline: Loaded 14994 waveforms of length 1024.
INFO mv_pipeline: Auto-polarity: channel is positive (up 456 vs down 179 ADC, 95th-pct excursion).
WARNING mv_pipeline: Auto-window: the 99% central peak positions span 913 samples (> half the 1024-sample record); the channel may lack a coherent pulse (noise-dominated). Check --pulse-center or triage the input.
WARNING mv_pipeline: Auto-window: 17.4% of real-pulse peaks sit outside the estimated search pad (+/-84 samples); the pulse timing may be multi-modal. Set --search-pad explicitly if pulses are being missed.
WARNING mv_pipeline: Auto-window: the measured pulse extent wants template_pre=54/template_post=293 but the pre-pulse noise budget allows 54/258: pulses sit early in the record (center=450 of 1024) with +/-84 samples of trigger jitter, and the noise model must fit before the earliest rise (2*template_pre + template_post <= center - search_pad = 366). The template (and the OF frequency weight) will show a truncated decay tail -- record geometry, not a pulse-shape measurement. More pre-trigger delay in the DAQ, or an explicit --search-pad below 84, buys tail samples.
INFO mv_pipeline: Auto-window: pulse_center=450 search_pad=84 template_pre=54 template_post=258 (auto-set: pulse_center, search_pad, template_pre, template_post; kept explicit: none).
INFO mv_pipeline: Noise sigma = 69.6822 ADC.
INFO common.waveform_ops: No rail; using 99.99th pct of peaks = 3588.5 ADC (advisory only).
INFO common.waveform_ops: Saturation: 110 events (0.7%).
INFO common.waveform_ops: Pileup: 0 (0.0%).  Noise: 13627 (90.9%).
INFO common.waveform_ops: Saturation: 106 events (7.8%).
WARNING mv_pipeline: Template cleaning dropped 13733/14994 model-prefix events (92%) as NOISE/PILEUP/clipped -- most of the channel. The template is built from the 1261 survivors, but a channel this noise-dominated will not support a trustworthy MIP fit; check --polarity / --pulse-center, and expect the reliability guard to flag the result.
INFO mv_pipeline: Template alignment guided by a pickup-notched copy: line(s) at 0.1053, 0.2082, 0.0233 cycles/sample.
INFO mv_pipeline: Template built from 281 bright pulses.
INFO mv_pipeline: Noise model: dropped 39/14994 prefix events (0.26%) as interference bursts (log pre-pulse power > median + 5.0 MAD sigma); the PSD and the trigger's response-noise scale are built from the remaining 14955.
INFO mv_pipeline: Triggered 12069 / 14994 analyzed windows (80.5%).
INFO common.waveform_ops: Saturation: 117 events (1.0%).
WARNING mv_pipeline: Optimal filter: the fitted MIP line stands only 1.6 sigma above the raw per-sample baseline noise (MPV 0.09261 x template peak 1200 ADC / noise sigma 69.7; the bar is 5.0). In the filtered observable it is 17.9 sigma -- but a pulse this small in the raw trace is not a trustworthy MIP line, and NO gamma/muon cut is reported. Check --polarity / --pulse-center, or accept that the channel is too dim.
WARNING mv_pipeline: Optimal filter: the MIP line (MPV 0.09261) sits only 4.5x above the TRIGGER FLOOR (0.02071 = 4.0 x the optimal filter's amplitude resolution); the bar is 6.0x. The gamma/noise population lives BELOW the MIP line, and the trigger has already removed everything under the floor -- so there is no gamma population left in this spectrum to cut against, and the histogram's low edge is the threshold turn-on, not physics. The MIP line itself is still fit and reported; NO gamma/muon cut is. Lower --trigger-sigma to recover the low-amplitude events, or accept that this channel cannot support the cut.
INFO boxcar: Boxcar optimal width = 38 samples (colored-noise SNR).
WARNING mv_pipeline: No usable gamma/muon cut: every candidate (equal-area None, crossover None, valley -0.004259) fell outside (0, MPV=0.08418). The two populations are not separable in this spectrum -- reporting the MIP fit with NO cut.
WARNING mv_pipeline: Boxcar (W=38): the fitted MIP line stands only 1.4 sigma above the raw per-sample baseline noise (MPV 0.08418 x template peak 1200 ADC / noise sigma 69.7; the bar is 5.0). In the filtered observable it is 16.3 sigma -- but a pulse this small in the raw trace is not a trustworthy MIP line, and NO gamma/muon cut is reported. Check --polarity / --pulse-center, or accept that the channel is too dim.
WARNING mv_pipeline: Boxcar (W=38): the MIP line (MPV 0.08418) sits only 4.1x above the TRIGGER FLOOR (0.02071 = 4.0 x the optimal filter's amplitude resolution); the bar is 6.0x. The gamma/noise population lives BELOW the MIP line, and the trigger has already removed everything under the floor -- so there is no gamma population left in this spectrum to cut against, and the histogram's low edge is the threshold turn-on, not physics. The MIP line itself is still fit and reported; NO gamma/muon cut is. Lower --trigger-sigma to recover the low-amplitude events, or accept that this channel cannot support the cut.
INFO mv_pipeline: Noise model: dropped 39/12069 prefix events (0.32%) as interference bursts (log pre-pulse power > median + 5.0 MAD sigma); the PSD and the trigger's response-noise scale are built from the remaining 12030.

==================================================================
Waveform analysis  (all values in ADC-derived observable units)
==================================================================
Triggered events:  12,069 / 14,994
Noise sigma (ADC): 69.68
Boxcar window:     38 samples

Muon (MIP) line
  Optimal filter     MPV=0.09261 obs   (Landau(x)Gauss + response tail chi2_red=3.73)
                     line-width sigma/MPV = 31.1% (core, at scale t=1; upper bound)
                     + BIC-selected response tail: light-yield scale t ~ t^-1.66 on [1, 2.71]  (see _langau_tailmix)
                     MIP / raw baseline noise  = 1.6 sigma  (one sample)
                     MIP / filter resolution   = 17.9 sigma  (this observable)
                     MIP / trigger floor       = 4.5x  (floor = 0.02071 obs)   [no room below it for a gamma population]
                     [UNRELIABLE -- see the warning above; no cut reported]
                     (fit excludes 117 rail-clipped events)
  Boxcar (W=38)      MPV=0.08418 obs   (Landau(x)Gauss + response tail chi2_red=2.33)
                     line-width sigma/MPV = 25.6% (core, at scale t=1; upper bound)
                     + BIC-selected response tail: light-yield scale t ~ t^-1.11 on [1, 3.01]  (see _langau_tailmix)
                     MIP / raw baseline noise  = 1.4 sigma  (one sample)
                     MIP / filter resolution   = 16.3 sigma  (this observable)
                     MIP / trigger floor       = 4.1x  (floor = 0.02071 obs)   [no room below it for a gamma population]
                     [UNRELIABLE -- see the warning above; no cut reported]
                     (fit excludes 117 rail-clipped events)

Gamma/muon separation
  Optimal filter     NO CUT DERIVED (the MIP line is only 4.5x the trigger floor -- the trigger already removed the gamma population); 12,069 events left unclassified
  Boxcar (W=38)      NO CUT DERIVED (the MIP line is only 4.1x the trigger floor -- the trigger already removed the gamma population); 12,069 events left unclassified
==================================================================

------------------------------------------------------------------
Quality-control diagnostics
------------------------------------------------------------------
  OF amplitude resolution: predicted 0.004667, measured 0.005446 (meas/pred = 1.17)
  OF goodness-of-fit:      median chi2_red = 0.63, 90th pct = 1.12
  OF chi2 vs amplitude:    chi2_red(A) = 0.60 + (A/0.78)^2  (the band RISES -- this is template mismatch, not a bad fit;
                           A0 = 0.78 is the template-fidelity scale, higher = better)
  Timing:                  time-walk slope = -5.32e+00 samples/amp
  Amplitude-area band:     225 / 12,069 off-band (1.86%)
  Saturation/linearity:    144 above ~70% of the 3584 ADC full scale (1.19%); 117 clipped at rail 3584
------------------------------------------------------------------
