INFO mv_pipeline: HDF5: using dataset 'waveforms' (14994, 1024) (first 14,994 rows).
INFO mv_pipeline: Loaded 14994 waveforms of length 1024.
INFO mv_pipeline: Auto-polarity: channel is positive (up 2.76e+03 vs down 76 ADC, 95th-pct excursion).
INFO mv_pipeline: Auto-window: pulse_center=449 search_pad=47 template_pre=48 template_post=202 (auto-set: pulse_center, search_pad, template_pre, template_post; kept explicit: none).
INFO mv_pipeline: Noise sigma = 13.3434 ADC.
INFO common.waveform_ops: Auto saturation rail = 3579 ADC (pile-up of 88 events).
INFO common.waveform_ops: Saturation: 340 events (2.3%).
INFO common.waveform_ops: Pileup: 7 (0.0%).  Noise: 2792 (18.6%).
INFO common.waveform_ops: Saturation: 349 events (2.9%).
INFO mv_pipeline: Triage cleaned the template set: dropped 3142/14994 prefix events (2786 NOISE, 7 PILEUP, 349 rail-clipped); the template uses the remaining 11852 (PSD and trigger-noise still use the full prefix).
INFO mv_pipeline: Template alignment guided by a pickup-notched copy: line(s) at 0.1024, 0.0258, 0.2079, 0.1741 cycles/sample.
INFO mv_pipeline: Template built from 11769 bright pulses.
INFO mv_pipeline: Noise model: dropped 107/14994 prefix events (0.71%) as interference bursts (log pre-pulse power > median + 5.0 MAD sigma); the PSD and the trigger's response-noise scale are built from the remaining 14887.
INFO mv_pipeline: Triggered 12662 / 14994 analyzed windows (84.4%).
INFO mv_pipeline: Template alignment guided by a pickup-notched copy: line(s) at 0.1027, 0.0248, 0.2079, 0.1754 cycles/sample.
INFO mv_pipeline: Template built from 2532 bright pulses.
INFO mv_pipeline: Template alignment guided by a pickup-notched copy: line(s) at 0.1027, 0.0242, 0.2079, 0.1443 cycles/sample.
INFO mv_pipeline: Template built from 2406 bright pulses.

==============================================================================
TIME-WALK REPORT -- run00270_ch0
==============================================================================
  Shipped slope (n_bins=12):  -1.181 samples/amp
  Fitted amplitude range:     0.03 - 2.44
  Walk across that range:     -2.39 samples
  Slope above amp >= 0.5:     -1.026 samples/amp
  chi2/dof   linear =    0.7   a+b/A =    2.0   dAIC(1/A - linear) = +23.6
  -> LINEAR: a genuine amplitude-proportional walk

  Binning stability (n_bins 8-30): spread = 0.122 samples/amp

  CLOSURE (synthetic events with NO true walk; must return ~0):
     centered     -0.016
     jitter       +0.107
     offset +3    -0.072
     offset -3    +0.094
     -> estimator bias <= 0.107 samples/amp; a slope above that on real
        data is REAL (not an artifact of the trigger or a mis-centered window).

  TEMPLATE SWAP (walk on real data, template rebuilt per amplitude class):
     dim template     -1.100
     bright template  -1.733
     shipped template -1.181
     -> the walk MOVES with the template's amplitude class: the pulse shape
        depends on amplitude, so no single template can remove the walk.

  SHAPE vs AMPLITUDE (template-free, half-max aligned; pickup NOTCHED)
     notched-out line period(s): 9.8, 38.6, 4.8 samples
       <amp>      N | rise 10-90 crest lag    FWHM  fall50  fall1/e | (raw rise) (raw lag)
        0.79   1667 |      29.48     25.18   55.72   30.53    40.22 |      28.18     22.61
        0.87   1667 |      29.47     25.29   55.66   30.37    39.99 |      28.15     22.80
        0.95   1667 |      29.43     25.33   55.63   30.30    39.82 |      28.09     22.58
        1.05   1667 |      29.36     25.35   55.56   30.22    39.77 |      28.06     22.85
        1.22   1667 |      29.42     25.28   55.59   30.30    39.88 |      28.03     22.86
        1.79   1667 |      29.40     25.34   55.74   30.40    40.24 |      27.86     23.03
     drift dim -> bright: rise -0.08  crest lag +0.16  FWHM +0.02  fall50 -0.14  (samples)
     -> the RISING EDGE is amplitude-independent: the walk is not a rise/crest-timing effect.
     -> the stack WIDTH is amplitude-independent here; the template-swap width split must then arise in the template BUILD (amplitude weighting / xcorr alignment), not in the pulses.
==============================================================================

