INFO mv_pipeline: HDF5: using dataset 'waveforms' (14994, 1024) (first 14,994 rows).
INFO mv_pipeline: Loaded 14994 waveforms of length 1024.
INFO mv_pipeline: Auto-polarity: channel is positive (up 311 vs down 118 ADC, 95th-pct excursion).
WARNING mv_pipeline: Auto-window: the 99% central peak positions span 530 samples (> half the 1024-sample record); the channel may lack a coherent pulse (noise-dominated). Check --pulse-center or triage the input.
WARNING mv_pipeline: Auto-window: 8.7% of real-pulse peaks sit outside the estimated search pad (+/-61 samples); the pulse timing may be multi-modal. Set --search-pad explicitly if pulses are being missed.
WARNING mv_pipeline: Auto-window: the measured pulse extent wants template_pre=50/template_post=297 but the pre-pulse noise budget allows 50/288: pulses sit early in the record (center=449 of 1024) with +/-61 samples of trigger jitter, and the noise model must fit before the earliest rise (2*template_pre + template_post <= center - search_pad = 388). The template (and the OF frequency weight) will show a truncated decay tail -- record geometry, not a pulse-shape measurement. More pre-trigger delay in the DAQ, or an explicit --search-pad below 61, buys tail samples.
INFO mv_pipeline: Auto-window: pulse_center=449 search_pad=61 template_pre=50 template_post=288 (auto-set: pulse_center, search_pad, template_pre, template_post; kept explicit: none).
INFO mv_pipeline: Noise sigma = 34.8411 ADC.
INFO common.waveform_ops: No rail; using 99.99th pct of peaks = 3494.0 ADC (advisory only).
INFO common.waveform_ops: Saturation: 105 events (0.7%).
INFO common.waveform_ops: Pileup: 0 (0.0%).  Noise: 11417 (76.1%).
INFO common.waveform_ops: Saturation: 101 events (2.8%).
WARNING mv_pipeline: Template cleaning dropped 11518/14994 model-prefix events (77%) as NOISE/PILEUP/clipped -- most of the channel. The template is built from the 3476 survivors, but a channel this noise-dominated will not support a trustworthy MIP fit; check --polarity / --pulse-center, and expect the reliability guard to flag the result.
INFO mv_pipeline: Template alignment guided by a pickup-notched copy: line(s) at 0.1024, 0.0240, 0.2081 cycles/sample.
INFO mv_pipeline: Template built from 515 bright pulses.
INFO mv_pipeline: Noise model: dropped 46/14994 prefix events (0.31%) as interference bursts (log pre-pulse power > median + 5.0 MAD sigma); the PSD and the trigger's response-noise scale are built from the remaining 14948.
INFO mv_pipeline: Triggered 11944 / 14994 analyzed windows (79.7%).
INFO mv_pipeline: Template alignment guided by a pickup-notched copy: line(s) at 0.1023, 0.0257, 0.2081 cycles/sample.
INFO mv_pipeline: Template built from 2388 bright pulses.
INFO mv_pipeline: Template alignment guided by a pickup-notched copy: line(s) at 0.1023, 0.0254, 0.2081 cycles/sample.
INFO mv_pipeline: Template built from 2269 bright pulses.

==============================================================================
TIME-WALK REPORT -- run00270_ch7
==============================================================================
  Shipped slope (n_bins=12):  -3.557 samples/amp
  Fitted amplitude range:     0.11 - 0.61
  Walk across that range:     -2.87 samples
  Slope above amp >= 0.5:     +nan samples/amp
  chi2/dof   linear =    0.2   a+b/A =    1.9   dAIC(1/A - linear) = +3.4
  -> LINEAR: a genuine amplitude-proportional walk

  Binning stability (n_bins 8-30): spread = 1.435 samples/amp

  CLOSURE (synthetic events with NO true walk; must return ~0):
     centered     -0.015
     jitter       +0.043
     offset +3    -0.353
     offset -3    -0.262
     -> estimator bias <= 0.353 samples/amp; a slope above that on real
        data is REAL (not an artifact of the trigger or a mis-centered window).

  TEMPLATE SWAP (walk on real data, template rebuilt per amplitude class):
     dim template     -0.309
     bright template  -0.974
     shipped template -3.557
     -> the walk MOVES with the template's amplitude class: the pulse shape
        depends on amplitude, so no single template can remove the walk.
     -> WARNING: BOTH rebuilt templates collapse the walk relative to the
        shipped one. The shipped TEMPLATE is the outlier here -- suspect a
        noise-dominated model set (check the template-cleaning warning).

  SHAPE vs AMPLITUDE (template-free, half-max aligned; pickup NOTCHED)
     notched-out line period(s): 9.8, 39.5, 4.8 samples
       <amp>      N | rise 10-90 crest lag    FWHM  fall50  fall1/e | (raw rise) (raw lag)
        0.09   1573 |      40.91     25.64   50.56   24.92    34.91 |      12.78      2.80
        0.12   1572 |      39.80     25.58   50.97   25.39    34.86 |      13.33      3.10
        0.14   1573 |      26.39     25.38   51.57   26.19    35.28 |      13.70      3.33
        0.17   1572 |      27.21     25.09   52.05   26.96    35.51 |      30.76     13.07
        0.22   1573 |      27.42     25.07   53.71   28.64    35.87 |      30.42     13.15
        0.50   1572 |      28.84     25.22   55.63   30.41    37.21 |      29.66     13.37
     drift dim -> bright: rise -12.07  crest lag -0.42  FWHM +5.07  fall50 +5.49  (samples)
     -> the pulse WIDTH grows +5.07 samples dim -> bright and the DECAY side carries it (fall50 +5.49):
        an amplitude-dependent decay is the walk's remaining suspect -- it matches the template-swap width finding.
     -> NOTE the RAW drift (+16.88) is an artifact of the pickup ripple
        dragging the argmax off the crest on the dim bands, NOT a shape change.
==============================================================================

