INFO mv_pipeline: HDF5: using dataset 'waveforms' (14994, 1024) (first 14,994 rows).
INFO mv_pipeline: Loaded 14994 waveforms of length 1024.
INFO mv_pipeline: Auto-polarity: channel is negative (up 44 vs down 441 ADC, 95th-pct excursion).
WARNING mv_pipeline: Auto-window: 3.1% of real-pulse peaks sit outside the estimated search pad (+/-39 samples); the pulse timing may be multi-modal. Set --search-pad explicitly if pulses are being missed.
INFO mv_pipeline: Auto-window: pulse_center=441 search_pad=39 template_pre=20 template_post=56 (auto-set: pulse_center, search_pad, template_pre, template_post; kept explicit: none).
INFO mv_pipeline: Noise sigma = 4.4478 ADC.
INFO common.waveform_ops: No rail; using 99.99th pct of peaks = 2335.0 ADC (advisory only).
INFO common.waveform_ops: Saturation: 6 events (0.0%).
INFO common.waveform_ops: Pileup: 18 (0.1%).  Noise: 2533 (16.9%).
INFO mv_pipeline: Triage cleaned the template set: dropped 2551/14994 prefix events (2533 NOISE, 18 PILEUP, 0 rail-clipped); the template uses the remaining 12443 (PSD and trigger-noise still use the full prefix).
INFO mv_pipeline: Template alignment guided by a pickup-notched copy: line(s) at 0.0980, 0.2090 cycles/sample.
INFO mv_pipeline: Template built from 11576 bright pulses.
INFO mv_pipeline: Triggered 14347 / 14994 analyzed windows (95.7%).
INFO boxcar: Boxcar optimal width = 10 samples (colored-noise SNR).

==================================================================
Waveform analysis  (all values in ADC-derived observable units)
==================================================================
Triggered events:  14,347 / 14,994
Noise sigma (ADC): 4.448
Boxcar window:     10 samples

Muon (MIP) line
  Optimal filter     MPV=0.7486 obs   (Landau(x)Gauss + response tail chi2_red=0.88)
                     line-width sigma/MPV = 29.5% (core, at scale t=1; upper bound)
                     + BIC-selected response tail: light-yield scale t ~ t^-2.00 on [1, 3.11]  (see _langau_tailmix)
                     MIP / raw baseline noise  = 37.1 sigma  (one sample)
                     MIP / filter resolution   = 65.9 sigma  (this observable)
                     MIP / trigger floor       = 16.5x  (floor = 0.04543 obs)
  Boxcar (W=10)      MPV=0.7478 obs   (Landau(x)Gauss + response tail chi2_red=1.28)
                     line-width sigma/MPV = 29.5% (core, at scale t=1; upper bound)
                     + BIC-selected response tail: light-yield scale t ~ t^-1.92 on [1, 3.01]  (see _langau_tailmix)
                     MIP / raw baseline noise  = 37.0 sigma  (one sample)
                     MIP / filter resolution   = 65.8 sigma  (this observable)
                     MIP / trigger floor       = 16.5x  (floor = 0.04543 obs)

Gamma/muon separation
  Optimal filter     cut=0.2441 +/- 0.015 (6%) (equal-area): 10,559 muon-like, 3,788 gamma-like (73.6% muon-like)
                     fitted gamma population = 26.53% of events
                     gamma fit chi2_red = 2.2
  Boxcar (W=10)      cut=0.2192 +/- 0.014 (6%) (equal-area): 10,656 muon-like, 3,691 gamma-like (74.3% muon-like)
                     fitted gamma population = 25.30% of events
                     gamma fit chi2_red = 5.2
==================================================================

------------------------------------------------------------------
Quality-control diagnostics
------------------------------------------------------------------
  OF amplitude resolution: predicted 0.007684, measured 0.006569 (meas/pred = 0.85)
  OF goodness-of-fit:      median chi2_red = 2.59, 90th pct = 7.98
  OF chi2 vs amplitude:    chi2_red(A) = 1.47 + (A/0.81)^2  (the band RISES -- this is template mismatch, not a bad fit;
                           A0 = 0.81 is the template-fidelity scale, higher = better)
  Timing:                  time-walk slope = -3.10e-02 samples/amp
  Amplitude-area band:     1,148 / 14,347 off-band (8.00%)
  Saturation/linearity:    15 above ~70% of the 2337 ADC full scale (0.10%); no hard clipping
------------------------------------------------------------------
